Component: ARM Compiler 5.06 update 3 (build 300) Tool: armlink [4d35c9]

==============================================================================

Section Cross References

    fact.o(.text) refers to fact.o(UserData) for fact0


==============================================================================

Image Symbol Table

    Local Symbols

    Symbol Name                              Value     Ov Type        Size  Object(Section)

    .text                                    0x00000000   Section      300  fact.o(.text)
    fact.s                                   0x00000000   Number         0  fact.o ABSOLUTE
    UserData                                 0x00000130   Section       48  fact.o(UserData)
    fact0                                    0x00000130   Data           4  fact.o(UserData)
    fact1                                    0x00000134   Data           4  fact.o(UserData)
    fact2                                    0x00000138   Data           4  fact.o(UserData)
    fact5                                    0x0000013c   Data           4  fact.o(UserData)
    fact12                                   0x00000140   Data           4  fact.o(UserData)
    div9                                     0x00000144   Data           4  fact.o(UserData)
    div10                                    0x00000148   Data           4  fact.o(UserData)
    div11                                    0x0000014c   Data           4  fact.o(UserData)
    pow0                                     0x00000150   Data           4  fact.o(UserData)
    pow1                                     0x00000154   Data           4  fact.o(UserData)
    pow2                                     0x00000158   Data           4  fact.o(UserData)
    pow7                                     0x0000015c   Data           4  fact.o(UserData)

    Global Symbols

    Symbol Name                              Value     Ov Type        Size  Object(Section)

    BuildAttributes$$THM_ISAv2$ARM_ISAv5$E$P$S$PE$A:L22$X:L11$S22$IEEE1$IW$USESV6$~STKCKD$USESV7$~SHL$OSPACE$EBA8$STANDARDLIB$PRES8$EABIv2 0x00000000   Number         0  anon$$obj.o ABSOLUTE



==============================================================================

Memory Map of the image

  Image Entry point : 0x00000000

  Load Region LOAD (Base: 0x00000000, Size: 0x00000160, Max: 0xffffffff, ABSOLUTE)

    Execution Region EXEC_ROM (Base: 0x00000000, Size: 0x0000012c, Max: 0xffffffff, ABSOLUTE)

    Base Addr    Size         Type   Attr      Idx    E Section Name        Object

    0x00000000   0x0000012c   Code   RO            3  * .text               fact.o


    Execution Region RAM (Base: 0x0000012c, Size: 0x00000034, Max: 0xffffffff, ABSOLUTE)

    Base Addr    Size         Type   Attr      Idx    E Section Name        Object

    0x0000012c   0x00000004   PAD
    0x00000130   0x00000030   Data   RW            4    UserData            fact.o


    Execution Region HEAP (Base: 0x00000260, Size: 0x00000100, Max: 0x00000100, ABSOLUTE)

    Base Addr    Size         Type   Attr      Idx    E Section Name        Object

    0x00000260   0x00000100   Zero   RW            1    HEAP.bss            anon$$obj.o


    Execution Region STACK (Base: 0x00000360, Size: 0x00000400, Max: 0x00000400, ABSOLUTE)

    Base Addr    Size         Type   Attr      Idx    E Section Name        Object

    0x00000360   0x00000400   Zero   RW            2    STACK.bss           anon$$obj.o


==============================================================================

Image component sizes


      Code (inc. data)   RO Data    RW Data    ZI Data      Debug   Object Name

       300          0          0         48          0        296   fact.o

    ----------------------------------------------------------------------
       300          0          0         52       1280        296   Object Totals
         0          0          0          0       1280          0   (incl. Generated)
         0          0          0          4          0          0   (incl. Padding)

    ----------------------------------------------------------------------
         0          0          0          0          0          0   Library Totals
         0          0          0          0          0          0   (incl. Padding)

    ----------------------------------------------------------------------

==============================================================================


      Code (inc. data)   RO Data    RW Data    ZI Data      Debug   

       300          0          0         52       1280        296   Grand Totals
       300          0          0         52       1280        296   ELF Image Totals
       300          0          0         52          0          0   ROM Totals

==============================================================================

    Total RO  Size (Code + RO Data)                  300 (   0.29kB)
    Total RW  Size (RW Data + ZI Data)              1332 (   1.30kB)
    Total ROM Size (Code + RO Data + RW Data)        352 (   0.34kB)

==============================================================================

