Component: ARM Compiler 5.06 update 3 (build 300) Tool: armlink [4d35c9]

==============================================================================

Section Cross References

    example.o(.text) refers to example.o(UserData) for y


==============================================================================

Image Symbol Table

    Local Symbols

    Symbol Name                              Value     Ov Type        Size  Object(Section)

    .text                                    0x00000000   Section       40  example.o(.text)
    Example.s                                0x00000000   Number         0  example.o ABSOLUTE
    UserData                                 0x00000028   Section        8  example.o(UserData)
    x                                        0x00000028   Data           4  example.o(UserData)
    y                                        0x0000002c   Data           4  example.o(UserData)

    Global Symbols

    Symbol Name                              Value     Ov Type        Size  Object(Section)

    BuildAttributes$$THM_ISAv2$ARM_ISAv5$E$P$S$PE$A:L22$X:L11$S22$IEEE1$IW$USESV6$~STKCKD$USESV7$~SHL$OSPACE$EBA8$STANDARDLIB$PRES8$EABIv2 0x00000000   Number         0  anon$$obj.o ABSOLUTE



==============================================================================

Memory Map of the image

  Image Entry point : 0x00000000

  Load Region LOAD (Base: 0x00000000, Size: 0x00000030, Max: 0xffffffff, ABSOLUTE)

    Execution Region EXEC_ROM (Base: 0x00000000, Size: 0x00000028, Max: 0xffffffff, ABSOLUTE)

    Base Addr    Size         Type   Attr      Idx    E Section Name        Object

    0x00000000   0x00000028   Code   RO            3  * .text               example.o


    Execution Region RAM (Base: 0x00000028, Size: 0x00000008, Max: 0xffffffff, ABSOLUTE)

    Base Addr    Size         Type   Attr      Idx    E Section Name        Object

    0x00000028   0x00000008   Data   RW            4    UserData            example.o


    Execution Region HEAP (Base: 0x00000130, Size: 0x00000100, Max: 0x00000100, ABSOLUTE)

    Base Addr    Size         Type   Attr      Idx    E Section Name        Object

    0x00000130   0x00000100   Zero   RW            1    HEAP.bss            anon$$obj.o


    Execution Region STACK (Base: 0x00000230, Size: 0x00000400, Max: 0x00000400, ABSOLUTE)

    Base Addr    Size         Type   Attr      Idx    E Section Name        Object

    0x00000230   0x00000400   Zero   RW            2    STACK.bss           anon$$obj.o


==============================================================================

Image component sizes


      Code (inc. data)   RO Data    RW Data    ZI Data      Debug   Object Name

        40          4          0          8          0        232   example.o

    ----------------------------------------------------------------------
        40          4          0          8       1280        232   Object Totals
         0          0          0          0       1280          0   (incl. Generated)
         0          0          0          0          0          0   (incl. Padding)

    ----------------------------------------------------------------------
         0          0          0          0          0          0   Library Totals
         0          0          0          0          0          0   (incl. Padding)

    ----------------------------------------------------------------------

==============================================================================


      Code (inc. data)   RO Data    RW Data    ZI Data      Debug   

        40          4          0          8       1280        232   Grand Totals
        40          4          0          8       1280        232   ELF Image Totals
        40          4          0          8          0          0   ROM Totals

==============================================================================

    Total RO  Size (Code + RO Data)                   40 (   0.04kB)
    Total RW  Size (RW Data + ZI Data)              1288 (   1.26kB)
    Total ROM Size (Code + RO Data + RW Data)         48 (   0.05kB)

==============================================================================

